// Jest Snapshot v1, https://goo.gl/fbAQLP

exports[`render ContactSupportSuccess screen correctly 1`] = `
<View
  style={
    Array [
      Object {
        "backgroundColor": "#ffffff",
      },
      Object {
        "flex": 1,
      },
      Object {
        "paddingBottom": 10,
        "paddingTop": 0,
      },
    ]
  }
>
  <View
    style={
      Object {
        "flex": 1,
        "marginHorizontal": 20,
      }
    }
  >
    <View
      style={
        Object {
          "alignItems": "center",
          "flex": 1,
          "justifyContent": "center",
        }
      }
    >
      <Image />
      <Text
        style={
          Array [
            Object {
              "fontSize": 15,
            },
            undefined,
            undefined,
            undefined,
            undefined,
            undefined,
            undefined,
            undefined,
            Object {
              "marginBottom": 5,
              "marginTop": 40,
            },
          ]
        }
      >
        Your message has been sent!
      </Text>
      <Text
        style={
          Array [
            Object {
              "fontSize": 15,
            },
            undefined,
            undefined,
            undefined,
            undefined,
            undefined,
            undefined,
            undefined,
            undefined,
          ]
        }
      >
        Thank you!
      </Text>
    </View>
    <View
      accessible={true}
      focusable={true}
      isTVSelectable={true}
      onClick={[Function]}
      onResponderGrant={[Function]}
      onResponderMove={[Function]}
      onResponderRelease={[Function]}
      onResponderTerminate={[Function]}
      onResponderTerminationRequest={[Function]}
      onStartShouldSetResponder={[Function]}
      style={
        Object {
          "alignItems": "center",
          "backgroundColor": "#0D0D0D",
          "borderRadius": 6,
          "height": 45,
          "justifyContent": "center",
          "marginVertical": 10,
          "opacity": 1,
        }
      }
    >
      <View>
        <If
          condition={false}
        />
        <If
          condition="Super!"
        >
          <Text
            style={
              Array [
                Object {
                  "fontSize": 15,
                },
                undefined,
                undefined,
                undefined,
                undefined,
                undefined,
                undefined,
                undefined,
                Array [
                  Object {
                    "color": "#619EF4",
                    "fontSize": 16,
                  },
                  Object {
                    "color": "#ffffff",
                  },
                ],
              ]
            }
          >
            Super!
          </Text>
        </If>
      </View>
    </View>
  </View>
</View>
`;
