// Jest Snapshot v1, https://goo.gl/fbAQLP

exports[`render Tickets screen correctly 1`] = `
<View
  style={
    Array [
      Object {
        "backgroundColor": "#ffffff",
      },
      undefined,
      Object {
        "paddingBottom": 10,
        "paddingTop": 0,
      },
    ]
  }
/>
`;
